Info: Starting: Create block symbol file (.bsf)
Info: qsys-generate "C:\FPGA_Projects\GMM - PCB\ip\adc.qsys" --block-symbol-file --output-directory="C:\FPGA_Projects\GMM - PCB\ip\adc" --family="MAX 10" --part=10M50SAE144C8G
Progress: Loading ip/adc.qsys
Progress: Reading input file
Progress: Adding clk_0 [clock_source 23.1]
Progress: Parameterizing module clk_0
Progress: Adding modular_adc_0 [altera_modular_adc 23.1]
Progress: Parameterizing module modular_adc_0
Progress: Building connections
Progress: Parameterizing connections
Progress: Validating
Progress: Done reading input file
Info: qsys-generate succeeded.
Info: Finished: Create block symbol file (.bsf)
Info: 
Info: Starting: Create HDL design files for synthesis
Info: qsys-generate "C:\FPGA_Projects\GMM - PCB\ip\adc.qsys" --synthesis=VERILOG --output-directory="C:\FPGA_Projects\GMM - PCB\ip\adc\synthesis" --family="MAX 10" --part=10M50SAE144C8G
Progress: Loading ip/adc.qsys
Progress: Reading input file
Progress: Adding clk_0 [clock_source 23.1]
Progress: Parameterizing module clk_0
Progress: Adding modular_adc_0 [altera_modular_adc 23.1]
Progress: Parameterizing module modular_adc_0
Progress: Building connections
Progress: Parameterizing connections
Progress: Validating
Progress: Done reading input file
Info: adc: Generating adc "adc" for QUARTUS_SYNTH
Info: modular_adc_0: "adc" instantiated altera_modular_adc "modular_adc_0"
Info: rst_controller: "adc" instantiated altera_reset_controller "rst_controller"
Info: control_internal: "modular_adc_0" instantiated altera_modular_adc_control "control_internal"
Info: sequencer_internal: "modular_adc_0" instantiated altera_modular_adc_sequencer "sequencer_internal"
Info: adc: Done "adc" with 5 modules, 15 files
Info: qsys-generate succeeded.
Info: Finished: Create HDL design files for synthesis
