Info: Starting: Create block symbol file (.bsf)
Info: qsys-generate "C:\FPGA_Projects\GMM - PCB\ip\cordic.qsys" --block-symbol-file --output-directory="C:\FPGA_Projects\GMM - PCB\ip\cordic" --family="MAX 10" --part=10M50SAE144C8G
Progress: Loading ip/cordic.qsys
Progress: Reading input file
Progress: Adding CORDIC_0 [altera_CORDIC 23.1]
Progress: Parameterizing module CORDIC_0
Progress: Building connections
Progress: Parameterizing connections
Progress: Validating
Progress: Done reading input file
Info: qsys-generate succeeded.
Info: Finished: Create block symbol file (.bsf)
Info: 
Info: Starting: Create HDL design files for synthesis
Info: qsys-generate "C:\FPGA_Projects\GMM - PCB\ip\cordic.qsys" --synthesis=VERILOG --output-directory="C:\FPGA_Projects\GMM - PCB\ip\cordic\synthesis" --family="MAX 10" --part=10M50SAE144C8G
Progress: Loading ip/cordic.qsys
Progress: Reading input file
Progress: Adding CORDIC_0 [altera_CORDIC 23.1]
Progress: Parameterizing module CORDIC_0
Progress: Building connections
Progress: Parameterizing connections
Progress: Validating
Progress: Done reading input file
Info: cordic: Generating cordic "cordic" for QUARTUS_SYNTH
Info: CORDIC_0: C:/intelfpga_lite/23.1std/quartus/dspba/backend/windows64/cmdPolyEval -target MAX10 -frequency 50 -name cordic_CORDIC_0 -noChanValid -faithfulRounding -enable -printMachineReadable -lang VHDL -speedgrade 8 FXPVecTranslate 13 0 1 11 0
Info: CORDIC_0: Latency on MAX 10 is 3 cycles
Info: CORDIC_0: DSP Blocks Used: 0
Info: CORDIC_0: LUTs Used: 1052
Info: CORDIC_0: Memory Bits Used: 0
Info: CORDIC_0: Memory Blocks Used: 0
Info: CORDIC_0: "cordic" instantiated altera_CORDIC "CORDIC_0"
Info: cordic: Done "cordic" with 2 modules, 4 files
Info: qsys-generate succeeded.
Info: Finished: Create HDL design files for synthesis
