EDA Netlist Writer report for GaussianMixtureModel
Tue Mar 24 16:08:27 2026
Quartus Prime Version 23.1std.1 Build 993 05/14/2024 SC Lite Edition


---------------------
; Table of Contents ;
---------------------
  1. Legal Notice
  2. EDA Netlist Writer Summary
  3. EDA Netlist Writer Messages



----------------
; Legal Notice ;
----------------
Copyright (C) 2024  Intel Corporation. All rights reserved.
Your use of Intel Corporation's design tools, logic functions 
and other software and tools, and any partner logic 
functions, and any output files from any of the foregoing 
(including device programming or simulation files), and any 
associated documentation or information are expressly subject 
to the terms and conditions of the Intel Program License 
Subscription Agreement, the Intel Quartus Prime License Agreement,
the Intel FPGA IP License Agreement, or other applicable license
agreement, including, without limitation, that your use is for
the sole purpose of programming logic devices manufactured by
Intel and sold by Intel or its authorized distributors.  Please
refer to the applicable agreement for further details, at
https://fpgasoftware.intel.com/eula.



+---------------------------------------------------------------+
; EDA Netlist Writer Summary                                    ;
+---------------------------+-----------------------------------+
; EDA Netlist Writer Status ; Failed - Tue Mar 24 16:08:27 2026 ;
; Revision Name             ; GaussianMixtureModel              ;
; Top-level Entity Name     ; GaussianMixtureModel              ;
; Family                    ; MAX 10                            ;
+---------------------------+-----------------------------------+


+-----------------------------+
; EDA Netlist Writer Messages ;
+-----------------------------+
Info: *******************************************************************
Info: Running Quartus Prime EDA Netlist Writer
    Info: Version 23.1std.1 Build 993 05/14/2024 SC Lite Edition
    Info: Processing started: Tue Mar 24 16:08:26 2026
Info: Command: quartus_eda --read_settings_files=off --write_settings_files=off GaussianMixtureModel -c GaussianMixtureModel
Warning (18236): Number of processors has not been specified which may cause overloading on shared machines.  Set the global assignment NUM_PARALLEL_PROCESSORS in your QSF to an appropriate value for best performance.
Error (204009): Can't generate netlist output files because the license for encrypted file "c:/fpga_projects/gmm/db/ip/fft/submodules/hyper_pipeline_interface.v" is not available
Error (204009): Can't generate netlist output files because the license for encrypted file "c:/fpga_projects/gmm/db/ip/fft/submodules/hyper_pipeline_interface.v" is not available
Error (204009): Can't generate netlist output files because the license for encrypted file "c:/fpga_projects/gmm/db/ip/fft/submodules/hyper_pipeline_interface.v" is not available
Error: Quartus Prime EDA Netlist Writer was unsuccessful. 3 errors, 1 warning
    Error: Peak virtual memory: 4670 megabytes
    Error: Processing ended: Tue Mar 24 16:08:27 2026
    Error: Elapsed time: 00:00:01
    Error: Total CPU time (on all processors): 00:00:00


