------------------------------------------------------------
Timing Analyzer Summary
------------------------------------------------------------

Type  : Slow 1200mV 85C Model Setup 'clk'
Slack : -96.328
TNS   : -5013.078

Type  : Slow 1200mV 85C Model Hold 'clk'
Slack : 0.269
TNS   : 0.000

Type  : Slow 1200mV 85C Model Recovery 'clk'
Slack : 15.770
TNS   : 0.000

Type  : Slow 1200mV 85C Model Removal 'clk'
Slack : 0.983
TNS   : 0.000

Type  : Slow 1200mV 85C Model Minimum Pulse Width 'clk'
Slack : 9.475
TNS   : 0.000

Type  : Slow 1200mV 85C Model Minimum Pulse Width 'afe_inst|pll_2|altpll_component|auto_generated|pll1|clk[0]'
Slack : 244.780
TNS   : 0.000

Type  : Slow 1200mV 0C Model Setup 'clk'
Slack : -87.204
TNS   : -4119.958

Type  : Slow 1200mV 0C Model Hold 'clk'
Slack : 0.249
TNS   : 0.000

Type  : Slow 1200mV 0C Model Recovery 'clk'
Slack : 15.947
TNS   : 0.000

Type  : Slow 1200mV 0C Model Removal 'clk'
Slack : 0.905
TNS   : 0.000

Type  : Slow 1200mV 0C Model Minimum Pulse Width 'clk'
Slack : 9.493
TNS   : 0.000

Type  : Slow 1200mV 0C Model Minimum Pulse Width 'afe_inst|pll_2|altpll_component|auto_generated|pll1|clk[0]'
Slack : 244.884
TNS   : 0.000

Type  : Fast 1200mV 0C Model Setup 'clk'
Slack : -23.390
TNS   : -223.968

Type  : Fast 1200mV 0C Model Hold 'clk'
Slack : 0.089
TNS   : 0.000

Type  : Fast 1200mV 0C Model Recovery 'clk'
Slack : 18.042
TNS   : 0.000

Type  : Fast 1200mV 0C Model Removal 'clk'
Slack : 0.407
TNS   : 0.000

Type  : Fast 1200mV 0C Model Minimum Pulse Width 'clk'
Slack : 9.401
TNS   : 0.000

Type  : Fast 1200mV 0C Model Minimum Pulse Width 'afe_inst|pll_2|altpll_component|auto_generated|pll1|clk[0]'
Slack : 244.903
TNS   : 0.000

------------------------------------------------------------
