Assembler report for GaussianMixtureModel
Tue May  5 11:45:04 2026
Quartus Prime Version 23.1std.1 Build 993 05/14/2024 SC Lite Edition


---------------------
; Table of Contents ;
---------------------
  1. Legal Notice
  2. Assembler Summary
  3. Assembler Settings
  4. Assembler Encrypted IP Cores Summary
  5. Assembler Generated Files
  6. Assembler Device Options: C:/FPGA_Projects/GMM - PCB/output_files/GaussianMixtureModel.sof
  7. Assembler Messages



----------------
; Legal Notice ;
----------------
Copyright (C) 2024  Intel Corporation. All rights reserved.
Your use of Intel Corporation's design tools, logic functions 
and other software and tools, and any partner logic 
functions, and any output files from any of the foregoing 
(including device programming or simulation files), and any 
associated documentation or information are expressly subject 
to the terms and conditions of the Intel Program License 
Subscription Agreement, the Intel Quartus Prime License Agreement,
the Intel FPGA IP License Agreement, or other applicable license
agreement, including, without limitation, that your use is for
the sole purpose of programming logic devices manufactured by
Intel and sold by Intel or its authorized distributors.  Please
refer to the applicable agreement for further details, at
https://fpgasoftware.intel.com/eula.



+---------------------------------------------------------------+
; Assembler Summary                                             ;
+-----------------------+---------------------------------------+
; Assembler Status      ; Successful - Tue May  5 11:45:04 2026 ;
; Revision Name         ; GaussianMixtureModel                  ;
; Top-level Entity Name ; GaussianMixtureModel                  ;
; Family                ; MAX 10                                ;
; Device                ; 10M50SAE144C8G                        ;
+-----------------------+---------------------------------------+


+----------------------------------+
; Assembler Settings               ;
+--------+---------+---------------+
; Option ; Setting ; Default Value ;
+--------+---------+---------------+


+----------------------------------------------+
; Assembler Encrypted IP Cores Summary         ;
+--------+----------------------+--------------+
; Vendor ; IP Core Name         ; License Type ;
+--------+----------------------+--------------+
; Altera ; FFT/IFFT (6AF7 0034) ; Licensed     ;
+--------+----------------------+--------------+


+------------------------------------------------------------------+
; Assembler Generated Files                                        ;
+------------------------------------------------------------------+
; File Name                                                        ;
+------------------------------------------------------------------+
; C:/FPGA_Projects/GMM - PCB/output_files/GaussianMixtureModel.sof ;
+------------------------------------------------------------------+


+--------------------------------------------------------------------------------------------+
; Assembler Device Options: C:/FPGA_Projects/GMM - PCB/output_files/GaussianMixtureModel.sof ;
+----------------+---------------------------------------------------------------------------+
; Option         ; Setting                                                                   ;
+----------------+---------------------------------------------------------------------------+
; JTAG usercode  ; 0x00E59A2E                                                                ;
; Checksum       ; 0x00E59A2E                                                                ;
+----------------+---------------------------------------------------------------------------+


+--------------------+
; Assembler Messages ;
+--------------------+
Info: *******************************************************************
Info: Running Quartus Prime Assembler
    Info: Version 23.1std.1 Build 993 05/14/2024 SC Lite Edition
    Info: Processing started: Tue May  5 11:44:57 2026
Info: Command: quartus_asm --read_settings_files=off --write_settings_files=off GaussianMixtureModel -c GaussianMixtureModel
Warning (18236): Number of processors has not been specified which may cause overloading on shared machines.  Set the global assignment NUM_PARALLEL_PROCESSORS in your QSF to an appropriate value for best performance.
Info (115031): Writing out detailed assembly data for power analysis
Info (115030): Assembler is generating device programming files
Info: Quartus Prime Assembler was successful. 0 errors, 1 warning
    Info: Peak virtual memory: 4920 megabytes
    Info: Processing ended: Tue May  5 11:45:04 2026
    Info: Elapsed time: 00:00:07
    Info: Total CPU time (on all processors): 00:00:07


